
50 rounds per configuration, 4 chunks per writer per round, 64 MB disk

  writers  overlap  rebases   first  rebased  refused  aborted   req/landed   wasted
        2        0        1     50%     50%      0%      0%         13.5        0
        2     0.25        1     50%     38%     12%      0%         15.5      164
        4        0        1     25%     50%      0%     26%         24.4      977
        4        0        3     25%     75%      0%      0%         24.5        0
        4     0.25        1     25%     24%     50%      2%         59.3     4219
        4     0.25        3     25%     30%     45%      0%         45.1     3129
        8        0        1     13%     43%      0%     45%         39.5     3880
        8        0        7     13%     88%      0%      0%         46.5        0
        8     0.25        1     13%     15%     69%      4%        100.5     9301
        8     0.25        7     13%     19%     69%      0%         89.6     8965

  LaTeX rows (writers & overlap & budget & first & rebased & refused & aborted & requests per landed sync):
    2 & 0 & 1 & 50\% & 50\% & 0\% & 0\% & 13.5 \\
    2 & 0.25 & 1 & 50\% & 38\% & 12\% & 0\% & 15.5 \\
    4 & 0 & 1 & 25\% & 50\% & 0\% & 26\% & 24.4 \\
    4 & 0 & 3 & 25\% & 75\% & 0\% & 0\% & 24.5 \\
    4 & 0.25 & 1 & 25\% & 24\% & 50\% & 2\% & 59.3 \\
    4 & 0.25 & 3 & 25\% & 30\% & 45\% & 0\% & 45.1 \\
    8 & 0 & 1 & 13\% & 43\% & 0\% & 45\% & 39.5 \\
    8 & 0 & 7 & 13\% & 88\% & 0\% & 0\% & 46.5 \\
    8 & 0.25 & 1 & 13\% & 15\% & 69\% & 4\% & 100.5 \\
    8 & 0.25 & 7 & 13\% & 19\% & 69\% & 0\% & 89.6 \\

  wrote traces/contention.csv
